Circuit: * C:\Users\Michal-Dell\Documents\LTspiceXVII\Draft2.asc

WARNING: Less than two connections to node NC_01.  This node is used by R2.
WARNING: Less than two connections to node VREF.  This node is used by V1.
Direct Newton iteration failed to find .op point.  (Use ".option noopiter" to skip.)
Starting Gmin stepping
Gmin = 10
Gmin = 1.07374
Gmin = 0.115292
Gmin = 0.0123794
Gmin = 0.00132923
Gmin = 0.000142725
Gmin = 1.5325e-005
Gmin = 1.6455e-006
Gmin = 1.76685e-007
Gmin = 1.89714e-008
Gmin = 2.03704e-009
vernier = 0.5
vernier = 0.25
vernier = 0.125
Gmin = 1.12373e-009
vernier = 0.0625
vernier = 0.03125
vernier = 0.015625
vernier = 0.0078125
Gmin = 1.11718e-009
vernier = 0.00390625
vernier = 0.00195313
vernier = 0.000976563
vernier = 0.000488281
Gmin = 1.11881e-009
vernier = 0.000651042
vernier = 0.000868055
Gmin = 1.11707e-009
vernier = 0.00115741
Gmin = 1.11424e-009
vernier = 0.00154321
vernier = 0.00205761
Gmin = 1.10963e-009
vernier = 0.00274348
vernier = 0.00365797
Gmin = 1.10237e-009
vernier = 0.0048773
Gmin = 1.09067e-009
vernier = 0.00650306
vernier = 0.00867074
Gmin = 1.07179e-009
vernier = 0.011561
vernier = 0.0154146
Gmin = 1.04256e-009
vernier = 0.0205529
Gmin = 9.96824e-010
vernier = 0.0274038
vernier = 0.0365384
Gmin = 9.26306e-010
vernier = 0.0487178
vernier = 0.0649571
Gmin = 8.24833e-010
vernier = 0.0866095
Gmin = 6.83707e-010
vernier = 0.115479
vernier = 0.153972
Gmin = 5.03725e-010
vernier = 0.205296
vernier = 0.273728
Gmin = 3.11757e-010
vernier = 0.364971
Gmin = 1.44702e-010
vernier = 0.486628
vernier = 0.648837
Gmin = 4.2417e-011
vernier = 0.865116
vernier = 1
Gmin = 6.67694e-012
Gmin = 7.16931e-013
Gmin = 0
Gmin stepping succeeded in finding the operating point.


Date: Mon Sep 16 20:40:23 2019
Total elapsed time: 0.173 seconds.

tnom = 27
temp = 27
method = modified trap
totiter = 3971
traniter = 2082
tranpoints = 1042
accept = 1042
rejected = 0
matrix size = 29
fillins = 10
solver = Normal
Thread vector: 5.3/4.0[2] 1.4/1.6[1] 0.9/1.7[1] 0.1/0.8[1]  2592/500
Matrix Compiler1: 1.29 KB object code size  0.4/0.2/[0.1]
Matrix Compiler2: 2.35 KB object code size  0.3/0.4/[0.2]

